
> dev
> vite dev --port 3000


  VITE v8.2.0  ready in 615 ms

  ➜  Local:   http://localhost:3000/
  ➜  Network: use --host to expose
LOG /server/plugins/refresh-on-start.ts:14:2
 →  [refresh] dev server started; running incremental crawl in the background...
3:10:24 AM [vite] (client) [optimizer] bundling dependencies...
◇ injected env (0) from .env.local,.env // tip: ⌘ multiple files { path: ['.env.local', '.env'] }
LOG /src/crawler/sites/olx.ts:223:6
 →  olx page: pageNumber=1/25 ads=8 recent=0
LOG /src/crawler/sites/olx.ts:223:6
 →  olx-rent page: pageNumber=1/25 ads=24 recent=2
◇ injected env (0) from .env.local,.env // tip: ◈ encrypted .env [www.dotenvx.com]
LOG /src/crawler/geocode-listings.ts:528:4
 →    100/2445: local=0 nominatim=0 misses=100
LOG /src/crawler/geocode-listings.ts:528:4
 →    200/2445: local=0 nominatim=0 misses=200
LOG /src/crawler/geocode-listings.ts:528:4
 →    300/2445: local=0 nominatim=0 misses=300
LOG /src/crawler/geocode-listings.ts:528:4
 →    500/2445: local=0 nominatim=0 misses=500
LOG /src/crawler/geocode-listings.ts:528:4
 →    600/2445: local=0 nominatim=0 misses=600
LOG /src/crawler/geocode-listings.ts:528:4
 →    700/2445: local=0 nominatim=0 misses=700
LOG /src/crawler/geocode-listings.ts:528:4
 →    1100/2445: local=0 nominatim=0 misses=1100
LOG /src/crawler/geocode-listings.ts:528:4
 →    1300/2445: local=0 nominatim=0 misses=1300
LOG /src/crawler/geocode-listings.ts:528:4
 →    1400/2445: local=0 nominatim=0 misses=1400
LOG /src/crawler/geocode-listings.ts:528:4
 →    1500/2445: local=0 nominatim=0 misses=1500
LOG /src/crawler/geocode-listings.ts:528:4
 →    1600/2445: local=0 nominatim=0 misses=1600
LOG /src/crawler/geocode-listings.ts:528:4
 →    1900/2445: local=0 nominatim=0 misses=1900
LOG /src/crawler/geocode-listings.ts:528:4
 →    2000/2445: local=0 nominatim=0 misses=2000
LOG /src/crawler/geocode-listings.ts:528:4
 →    2100/2445: local=0 nominatim=0 misses=2100
LOG /src/crawler/import-rcn.ts:415:3
 →  RCN unchanged since 2026-08-24 (etag "89d3c52-6599b1ac52561"); 0 new transactions
LOG /server/tasks/refresh.ts:27:3
 →  [refresh dev] 13/13 sites crawled in 84.2s, 4 pruned, 0 new RCN transactions, 0 geocoded
